// Jest Snapshot v1, https://goo.gl/fbAQLP

exports[`Pruebas en <HookApp /> Se debe mostrar <HookApp /> correctamente. 1`] = `
<Fragment>
  <h1>
    Hola Mundo
  </h1>
</Fragment>
`;
